INITIALPATH:7:22: error: [GHC-39999]
    • No instance for ‘Integral String’ arising from a use of ‘formatAnyIntegral’
    • In the first argument of ‘putStrLn’, namely ‘(formatAnyIntegral Decimal Minus (Nothing :: Maybe (Int, AnyAlign, Char)) Nothing hello)’
      In the expression: putStrLn (formatAnyIntegral Decimal Minus (Nothing :: Maybe (Int, AnyAlign, Char)) Nothing hello)
      In an equation for ‘main’: main = putStrLn (formatAnyIntegral Decimal Minus (Nothing :: Maybe (Int, AnyAlign, Char)) Nothing hello)
  |
7 | main = putStrLn [fmt|{hello:d}|]
  |                      ^^^^^^^^^^^