
INITIALPATH:7:22: error:
    • INITIALPATH:7:23:
  |
7 | main = putStrLn [fmt|{}|]
  |                       ^

unexpected "}"
expecting an haskell expression

    • In the quasi-quotation: [fmt|{}|]
  |
7 | main = putStrLn [fmt|{}|]
  |                      ^^^^
