
INITIALPATH:7:22: error:
    • INITIALPATH:7:29:
  |
7 | main = putStrLn [fmt|{1 + - / lalalal}|]
  |                             ^
Parse error

    • In the quasi-quotation: [fmt|{1 + - / lalalal}|]
  |
7 | main = putStrLn [fmt|{1 + - / lalalal}|]
  |                      ^^^^^^^^^^^^^^^^^^^
