
INITIALPATH:7:22: error:
    • No instance for (PyF.Internal.QQ.FormatAny2 (PyFClassify Bool) Bool 'PyF.Formatters.AlignAll) arising from a use of ‘PyF.Internal.QQ.formatAny’
    • In the first argument of ‘putStrLn’, namely ‘(((((PyF.Internal.QQ.formatAny PyF.Formatters.Minus) PyF.Internal.QQ.PaddingDefaultK) Nothing) Nothing) True)’
      In the expression: putStrLn (((((PyF.Internal.QQ.formatAny PyF.Formatters.Minus) PyF.Internal.QQ.PaddingDefaultK) Nothing) Nothing) True)
      In an equation for ‘main’: main = putStrLn (((((PyF.Internal.QQ.formatAny PyF.Formatters.Minus) PyF.Internal.QQ.PaddingDefaultK) Nothing) Nothing) True)
  |
7 | main = putStrLn [fmt|{True}|]
  |                      ^^^^^^^^
